5 2026-05-23T00:27:02.512526100 [ERROR] NETWORK Database query executed
8 2026-05-23T00:27:02.513525900 [ERROR] DB File not found
10 2026-05-23T00:27:02.513525900 [ERROR] NETWORK User logged in
31 2026-05-23T00:27:02.513525900 [ERROR] AUTH Memory usage high
32 2026-05-23T00:27:02.513525900 [ERROR] DB Connection timeout
33 2026-05-23T00:27:02.513525900 [ERROR] AUTH User logged in
36 2026-05-23T00:27:02.513525900 [ERROR] NETWORK File not found
42 2026-05-23T00:27:02.513525900 [ERROR] NETWORK Connection timeout
43 2026-05-23T00:27:02.513525900 [ERROR] NETWORK Database query executed
49 2026-05-23T00:27:02.514524500 [ERROR] UI Memory usage high
53 2026-05-23T00:27:02.514524500 [ERROR] AUTH File not found
72 2026-05-23T00:27:02.514524500 [ERROR] DB File not found
73 2026-05-23T00:27:02.514524500 [ERROR] DB Request processed
74 2026-05-23T00:27:02.514524500 [ERROR] UI Database query executed
76 2026-05-23T00:27:02.514524500 [ERROR] UI File not found
84 2026-05-23T00:27:02.514524500 [ERROR] CORE Database query executed
87 2026-05-23T00:27:02.514524500 [ERROR] NETWORK File not found
88 2026-05-23T00:27:02.514524500 [ERROR] AUTH User logged in
92 2026-05-23T00:27:02.514524500 [ERROR] NETWORK Request processed
93 2026-05-23T00:27:02.514524500 [ERROR] AUTH Connection timeout
97 2026-05-23T00:27:02.515522600 [ERROR] NETWORK Memory usage high
102 2026-05-23T00:27:02.515522600 [ERROR] UI File not found
108 2026-05-23T00:27:02.515522600 [ERROR] AUTH Request processed
112 2026-05-23T00:27:02.515522600 [ERROR] CORE Request processed
122 2026-05-23T00:27:02.515522600 [ERROR] NETWORK Connection timeout
123 2026-05-23T00:27:02.515522600 [ERROR] CORE Memory usage high
135 2026-05-23T00:27:02.516522500 [ERROR] DB User logged in
138 2026-05-23T00:27:02.516522500 [ERROR] UI File not found
139 2026-05-23T00:27:02.516522500 [ERROR] DB Connection timeout
140 2026-05-23T00:27:02.516522500 [ERROR] DB Request processed
142 2026-05-23T00:27:02.516522500 [ERROR] NETWORK Database query executed
145 2026-05-23T00:27:02.516522500 [ERROR] UI Memory usage high
150 2026-05-23T00:27:02.516522500 [ERROR] UI Database query executed
156 2026-05-23T00:27:02.516522500 [ERROR] DB File not found
162 2026-05-23T00:27:02.516522500 [ERROR] UI Memory usage high
163 2026-05-23T00:27:02.516522500 [ERROR] AUTH Database query executed
169 2026-05-23T00:27:02.516522500 [ERROR] NETWORK Request processed
170 2026-05-23T00:27:02.516522500 [ERROR] DB User logged in
173 2026-05-23T00:27:02.516522500 [ERROR] NETWORK Memory usage high
174 2026-05-23T00:27:02.516522500 [ERROR] NETWORK Connection timeout
176 2026-05-23T00:27:02.516522500 [ERROR] AUTH Request processed
177 2026-05-23T00:27:02.516522500 [ERROR] AUTH Request processed
180 2026-05-23T00:27:02.516522500 [ERROR] AUTH File not found
183 2026-05-23T00:27:02.516522500 [ERROR] AUTH Request processed
184 2026-05-23T00:27:02.516522500 [ERROR] DB Memory usage high
192 2026-05-23T00:27:02.516522500 [ERROR] DB File not found
198 2026-05-23T00:27:02.517523100 [ERROR] UI Database query executed
209 2026-05-23T00:27:02.517523100 [ERROR] AUTH Database query executed
211 2026-05-23T00:27:02.517523100 [ERROR] CORE Request processed
219 2026-05-23T00:27:02.517523100 [ERROR] NETWORK Request processed
221 2026-05-23T00:27:02.517523100 [ERROR] DB User logged in
229 2026-05-23T00:27:02.517523100 [ERROR] DB User logged in
230 2026-05-23T00:27:02.517523100 [ERROR] DB User logged in
243 2026-05-23T00:27:02.517523100 [ERROR] DB File not found
252 2026-05-23T00:27:02.518524500 [ERROR] UI User logged in
254 2026-05-23T00:27:02.518524500 [ERROR] CORE Request processed
256 2026-05-23T00:27:02.518524500 [ERROR] NETWORK Memory usage high
261 2026-05-23T00:27:02.518524500 [ERROR] DB File not found
266 2026-05-23T00:27:02.518524500 [ERROR] DB Connection timeout
271 2026-05-23T00:27:02.518524500 [ERROR] CORE Memory usage high
281 2026-05-23T00:27:02.518524500 [ERROR] NETWORK Request processed
294 2026-05-23T00:27:02.518524500 [ERROR] CORE File not found
295 2026-05-23T00:27:02.518524500 [ERROR] NETWORK Memory usage high
299 2026-05-23T00:27:02.518524500 [ERROR] CORE Connection timeout
309 2026-05-23T00:27:02.518524500 [ERROR] UI Request processed
310 2026-05-23T00:27:02.518524500 [ERROR] UI Connection timeout
312 2026-05-23T00:27:02.518524500 [ERROR] NETWORK Connection timeout
316 2026-05-23T00:27:02.518524500 [ERROR] UI Database query executed
318 2026-05-23T00:27:02.518524500 [ERROR] DB Memory usage high
322 2026-05-23T00:27:02.518524500 [ERROR] NETWORK File not found
326 2026-05-23T00:27:02.518524500 [ERROR] DB File not found
328 2026-05-23T00:27:02.518524500 [ERROR] DB File not found
333 2026-05-23T00:27:02.518524500 [ERROR] DB Connection timeout
342 2026-05-23T00:27:02.519718500 [ERROR] DB Memory usage high
361 2026-05-23T00:27:02.519718500 [ERROR] UI User logged in
364 2026-05-23T00:27:02.519718500 [ERROR] DB Memory usage high
367 2026-05-23T00:27:02.519718500 [ERROR] NETWORK Request processed
369 2026-05-23T00:27:02.519718500 [ERROR] DB Memory usage high
371 2026-05-23T00:27:02.519718500 [ERROR] CORE User logged in
376 2026-05-23T00:27:02.519718500 [ERROR] UI Request processed
378 2026-05-23T00:27:02.519718500 [ERROR] CORE File not found
383 2026-05-23T00:27:02.519718500 [ERROR] AUTH Request processed
386 2026-05-23T00:27:02.519718500 [ERROR] NETWORK Connection timeout
394 2026-05-23T00:27:02.519718500 [ERROR] AUTH File not found
397 2026-05-23T00:27:02.519718500 [ERROR] CORE File not found
404 2026-05-23T00:27:02.519718500 [ERROR] DB Request processed
409 2026-05-23T00:27:02.519718500 [ERROR] CORE Memory usage high
412 2026-05-23T00:27:02.519718500 [ERROR] AUTH File not found
414 2026-05-23T00:27:02.519718500 [ERROR] DB Request processed
426 2026-05-23T00:27:02.519718500 [ERROR] DB Database query executed
427 2026-05-23T00:27:02.519718500 [ERROR] CORE Memory usage high
434 2026-05-23T00:27:02.519718500 [ERROR] NETWORK Database query executed
435 2026-05-23T00:27:02.519718500 [ERROR] NETWORK User logged in
441 2026-05-23T00:27:02.521025 [ERROR] CORE File not found
448 2026-05-23T00:27:02.521025 [ERROR] CORE File not found
449 2026-05-23T00:27:02.521025 [ERROR] CORE Request processed
452 2026-05-23T00:27:02.521025 [ERROR] DB File not found
471 2026-05-23T00:27:02.521025 [ERROR] NETWORK File not found
476 2026-05-23T00:27:02.521025 [ERROR] UI Connection timeout
478 2026-05-23T00:27:02.521025 [ERROR] UI Connection timeout
480 2026-05-23T00:27:02.521025 [ERROR] UI File not found
484 2026-05-23T00:27:02.521025 [ERROR] NETWORK Memory usage high
492 2026-05-23T00:27:02.521025 [ERROR] AUTH File not found
493 2026-05-23T00:27:02.521025 [ERROR] CORE File not found
494 2026-05-23T00:27:02.521025 [ERROR] UI Memory usage high
501 2026-05-23T00:27:02.521025 [ERROR] UI User logged in
512 2026-05-23T00:27:02.521025 [ERROR] NETWORK Connection timeout
513 2026-05-23T00:27:02.521025 [ERROR] DB File not found
515 2026-05-23T00:27:02.521025 [ERROR] DB Request processed
516 2026-05-23T00:27:02.521025 [ERROR] DB User logged in
522 2026-05-23T00:27:02.521025 [ERROR] DB Memory usage high
523 2026-05-23T00:27:02.521025 [ERROR] NETWORK Database query executed
530 2026-05-23T00:27:02.521025 [ERROR] CORE User logged in
531 2026-05-23T00:27:02.521025 [ERROR] DB Request processed
534 2026-05-23T00:27:02.521025 [ERROR] AUTH Database query executed
535 2026-05-23T00:27:02.521025 [ERROR] AUTH Database query executed
549 2026-05-23T00:27:02.522450 [ERROR] UI Request processed
555 2026-05-23T00:27:02.522450 [ERROR] UI User logged in
562 2026-05-23T00:27:02.522450 [ERROR] AUTH File not found
567 2026-05-23T00:27:02.522450 [ERROR] DB Database query executed
573 2026-05-23T00:27:02.522450 [ERROR] UI Memory usage high
577 2026-05-23T00:27:02.522450 [ERROR] UI Database query executed
580 2026-05-23T00:27:02.522450 [ERROR] CORE Database query executed
604 2026-05-23T00:27:02.522450 [ERROR] CORE Request processed
606 2026-05-23T00:27:02.522450 [ERROR] DB Memory usage high
607 2026-05-23T00:27:02.522450 [ERROR] UI Connection timeout
608 2026-05-23T00:27:02.522450 [ERROR] NETWORK Request processed
612 2026-05-23T00:27:02.522450 [ERROR] UI Connection timeout
614 2026-05-23T00:27:02.522450 [ERROR] NETWORK Request processed
615 2026-05-23T00:27:02.522450 [ERROR] UI Connection timeout
618 2026-05-23T00:27:02.522450 [ERROR] UI User logged in
623 2026-05-23T00:27:02.522450 [ERROR] AUTH Database query executed
628 2026-05-23T00:27:02.522450 [ERROR] NETWORK User logged in
640 2026-05-23T00:27:02.523452900 [ERROR] NETWORK Database query executed
644 2026-05-23T00:27:02.523452900 [ERROR] NETWORK Request processed
646 2026-05-23T00:27:02.523452900 [ERROR] AUTH Connection timeout
647 2026-05-23T00:27:02.523452900 [ERROR] AUTH File not found
662 2026-05-23T00:27:02.523452900 [ERROR] NETWORK File not found
664 2026-05-23T00:27:02.523452900 [ERROR] AUTH Database query executed
666 2026-05-23T00:27:02.523452900 [ERROR] DB Memory usage high
670 2026-05-23T00:27:02.523452900 [ERROR] NETWORK User logged in
673 2026-05-23T00:27:02.523452900 [ERROR] NETWORK User logged in
674 2026-05-23T00:27:02.523452900 [ERROR] NETWORK Connection timeout
676 2026-05-23T00:27:02.523452900 [ERROR] CORE Connection timeout
685 2026-05-23T00:27:02.523452900 [ERROR] UI Request processed
687 2026-05-23T00:27:02.523452900 [ERROR] AUTH Connection timeout
689 2026-05-23T00:27:02.523452900 [ERROR] UI User logged in
697 2026-05-23T00:27:02.523452900 [ERROR] AUTH File not found
700 2026-05-23T00:27:02.523452900 [ERROR] CORE User logged in
710 2026-05-23T00:27:02.523452900 [ERROR] NETWORK Connection timeout
711 2026-05-23T00:27:02.523452900 [ERROR] NETWORK Memory usage high
713 2026-05-23T00:27:02.523452900 [ERROR] DB Connection timeout
719 2026-05-23T00:27:02.523452900 [ERROR] NETWORK Request processed
741 2026-05-23T00:27:02.523452900 [ERROR] AUTH Request processed
743 2026-05-23T00:27:02.523452900 [ERROR] UI Request processed
755 2026-05-23T00:27:02.523452900 [ERROR] DB Connection timeout
761 2026-05-23T00:27:02.523452900 [ERROR] UI Request processed
762 2026-05-23T00:27:02.524448700 [ERROR] AUTH Database query executed
764 2026-05-23T00:27:02.524448700 [ERROR] CORE Database query executed
775 2026-05-23T00:27:02.524448700 [ERROR] DB Connection timeout
784 2026-05-23T00:27:02.524448700 [ERROR] UI Connection timeout
785 2026-05-23T00:27:02.524448700 [ERROR] AUTH User logged in
799 2026-05-23T00:27:02.524448700 [ERROR] NETWORK Database query executed
800 2026-05-23T00:27:02.524448700 [ERROR] CORE Database query executed
801 2026-05-23T00:27:02.524448700 [ERROR] NETWORK Request processed
811 2026-05-23T00:27:02.524448700 [ERROR] NETWORK Connection timeout
816 2026-05-23T00:27:02.524448700 [ERROR] AUTH Connection timeout
820 2026-05-23T00:27:02.524448700 [ERROR] DB Memory usage high
822 2026-05-23T00:27:02.524448700 [ERROR] CORE Connection timeout
823 2026-05-23T00:27:02.524448700 [ERROR] DB User logged in
827 2026-05-23T00:27:02.524448700 [ERROR] NETWORK User logged in
828 2026-05-23T00:27:02.524448700 [ERROR] UI Connection timeout
834 2026-05-23T00:27:02.524448700 [ERROR] CORE File not found
840 2026-05-23T00:27:02.524448700 [ERROR] DB Memory usage high
846 2026-05-23T00:27:02.524448700 [ERROR] UI Connection timeout
851 2026-05-23T00:27:02.524448700 [ERROR] NETWORK Database query executed
852 2026-05-23T00:27:02.524448700 [ERROR] DB Database query executed
854 2026-05-23T00:27:02.524448700 [ERROR] UI Connection timeout
856 2026-05-23T00:27:02.524448700 [ERROR] NETWORK Database query executed
860 2026-05-23T00:27:02.524448700 [ERROR] AUTH Connection timeout
862 2026-05-23T00:27:02.524448700 [ERROR] AUTH Memory usage high
869 2026-05-23T00:27:02.524448700 [ERROR] UI Memory usage high
873 2026-05-23T00:27:02.525453 [ERROR] NETWORK File not found
881 2026-05-23T00:27:02.525453 [ERROR] NETWORK File not found
887 2026-05-23T00:27:02.525453 [ERROR] NETWORK Database query executed
889 2026-05-23T00:27:02.525453 [ERROR] NETWORK File not found
891 2026-05-23T00:27:02.525453 [ERROR] CORE User logged in
892 2026-05-23T00:27:02.525453 [ERROR] DB Database query executed
902 2026-05-23T00:27:02.525453 [ERROR] DB File not found
910 2026-05-23T00:27:02.525453 [ERROR] UI File not found
922 2026-05-23T00:27:02.525453 [ERROR] AUTH User logged in
923 2026-05-23T00:27:02.525453 [ERROR] AUTH Database query executed
926 2026-05-23T00:27:02.525453 [ERROR] AUTH Connection timeout
934 2026-05-23T00:27:02.525453 [ERROR] AUTH Request processed
940 2026-05-23T00:27:02.525453 [ERROR] CORE Database query executed
944 2026-05-23T00:27:02.525453 [ERROR] DB Connection timeout
945 2026-05-23T00:27:02.525453 [ERROR] DB Database query executed
951 2026-05-23T00:27:02.525453 [ERROR] AUTH Connection timeout
960 2026-05-23T00:27:02.525453 [ERROR] CORE Request processed
961 2026-05-23T00:27:02.525453 [ERROR] DB User logged in
962 2026-05-23T00:27:02.525453 [ERROR] UI Memory usage high
963 2026-05-23T00:27:02.525453 [ERROR] NETWORK Memory usage high
973 2026-05-23T00:27:02.525453 [ERROR] DB Connection timeout
974 2026-05-23T00:27:02.525453 [ERROR] DB User logged in
984 2026-05-23T00:27:02.525453 [ERROR] DB File not found
986 2026-05-23T00:27:02.525453 [ERROR] CORE Memory usage high
987 2026-05-23T00:27:02.525453 [ERROR] AUTH User logged in
990 2026-05-23T00:27:02.525453 [ERROR] CORE Memory usage high
994 2026-05-23T00:27:02.525453 [ERROR] UI Database query executed
999 2026-05-23T00:27:02.525453 [ERROR] CORE User logged in
